digraph G4 {
	// Node definitions.
	I6 [label=entry];
}
